[demo2.madrasthemes.com/bookworm-html/redesigned-octo-fiesta/html-demo/others/authors-list.html]
[backblue.gif]
[fade.gif]
[index.html]
[demo2.madrasthemes.com/bookworm-html/redesigned-octo-fiesta/assets/img/favicon.png]
[demo2.madrasthemes.com/bookworm-html/redesigned-octo-fiesta/assets/vendor/font-awesome/css/fontawesome-all.min.css]
[demo2.madrasthemes.com/bookworm-html/redesigned-octo-fiesta/assets/vendor/flaticon/font/flaticon.css]
[demo2.madrasthemes.com/bookworm-html/redesigned-octo-fiesta/assets/vendor/animate.css/animate.css]
[demo2.madrasthemes.com/bookworm-html/redesigned-octo-fiesta/assets/vendor/bootstrap-select/dist/css/bootstrap-select.min.css]
[demo2.madrasthemes.com/bookworm-html/redesigned-octo-fiesta/assets/vendor/slick-carousel/slick/slick.css]
[demo2.madrasthemes.com/bookworm-html/redesigned-octo-fiesta/assets/vendor/malihu-custom-scrollbar-plugin/jquery.mCustomScrollbar.css]
[demo2.madrasthemes.com/bookworm-html/redesigned-octo-fiesta/assets/vendor/cubeportfolio/css/cubeportfolio.min.css]
[demo2.madrasthemes.com/bookworm-html/redesigned-octo-fiesta/assets/css/theme.css]
[demo2.madrasthemes.com/bookworm-html/redesigned-octo-fiesta/html-demo/others/404.html]
[demo2.madrasthemes.com/bookworm-html/redesigned-octo-fiesta/html-demo/others/about.html]
[demo2.madrasthemes.com/bookworm-html/redesigned-octo-fiesta/html-demo/others/authors-single.html]
[demo2.madrasthemes.com/bookworm-html/redesigned-octo-fiesta/html-demo/others/coming-soon.html]
[demo2.madrasthemes.com/bookworm-html/redesigned-octo-fiesta/html-demo/others/contact.html]
[demo2.madrasthemes.com/bookworm-html/redesigned-octo-fiesta/html-demo/others/faq.html]
[demo2.madrasthemes.com/bookworm-html/redesigned-octo-fiesta/html-demo/others/pricing-table.html]
[demo2.madrasthemes.com/bookworm-html/redesigned-octo-fiesta/html-demo/others/terms-conditions.html]
[demo2.madrasthemes.com/bookworm-html/redesigned-octo-fiesta/assets/img/280x213/img1.png]
[demo2.madrasthemes.com/bookworm-html/redesigned-octo-fiesta/assets/img/120x180/img6.jpg]
[demo2.madrasthemes.com/bookworm-html/redesigned-octo-fiesta/assets/img/140x140/img1.jpg]
[demo2.madrasthemes.com/bookworm-html/redesigned-octo-fiesta/assets/img/140x140/img2.jpg]
[demo2.madrasthemes.com/bookworm-html/redesigned-octo-fiesta/assets/img/140x140/img3.jpg]
[demo2.madrasthemes.com/bookworm-html/redesigned-octo-fiesta/assets/img/140x140/img4.jpg]
[demo2.madrasthemes.com/bookworm-html/redesigned-octo-fiesta/assets/img/140x140/img5.jpg]
[demo2.madrasthemes.com/bookworm-html/redesigned-octo-fiesta/assets/img/140x140/img6.jpg]
[demo2.madrasthemes.com/bookworm-html/redesigned-octo-fiesta/assets/img/140x140/img7.jpg]
[demo2.madrasthemes.com/bookworm-html/redesigned-octo-fiesta/assets/img/140x140/img8.jpg]
[demo2.madrasthemes.com/bookworm-html/redesigned-octo-fiesta/assets/img/140x140/img9.jpg]
[demo2.madrasthemes.com/bookworm-html/redesigned-octo-fiesta/assets/img/140x140/img10.jpg]
[demo2.madrasthemes.com/bookworm-html/redesigned-octo-fiesta/assets/img/140x140/img11.jpg]
[demo2.madrasthemes.com/bookworm-html/redesigned-octo-fiesta/assets/img/140x140/img12.jpg]
[demo2.madrasthemes.com/bookworm-html/redesigned-octo-fiesta/assets/img/140x140/img13.jpg]
[demo2.madrasthemes.com/bookworm-html/redesigned-octo-fiesta/assets/img/140x140/img14.jpg]
[demo2.madrasthemes.com/bookworm-html/redesigned-octo-fiesta/assets/img/140x140/img15.jpg]
[demo2.madrasthemes.com/bookworm-html/redesigned-octo-fiesta/assets/img/324x38/img1.png]
[demo2.madrasthemes.com/bookworm-html/redesigned-octo-fiesta/assets/vendor/jquery/dist/jquery.min.js]
[demo2.madrasthemes.com/bookworm-html/redesigned-octo-fiesta/assets/vendor/jquery-migrate/dist/jquery-migrate.min.js]
[demo2.madrasthemes.com/bookworm-html/redesigned-octo-fiesta/assets/vendor/popper.js/dist/umd/popper.min.js]
[demo2.madrasthemes.com/bookworm-html/redesigned-octo-fiesta/assets/vendor/bootstrap/bootstrap.min.js]
[demo2.madrasthemes.com/bookworm-html/redesigned-octo-fiesta/assets/vendor/bootstrap-select/dist/js/bootstrap-select.min.js]
[demo2.madrasthemes.com/bookworm-html/redesigned-octo-fiesta/assets/vendor/slick-carousel/slick/slick.min.js]
[demo2.madrasthemes.com/bookworm-html/redesigned-octo-fiesta/assets/vendor/cubeportfolio/js/jquery.cubeportfolio.min.js]
[demo2.madrasthemes.com/bookworm-html/redesigned-octo-fiesta/assets/vendor/malihu-custom-scrollbar-plugin/jquery.mCustomScrollbar.concat.min.js]
[demo2.madrasthemes.com/bookworm-html/redesigned-octo-fiesta/assets/js/hs.core.js]
[demo2.madrasthemes.com/bookworm-html/redesigned-octo-fiesta/assets/js/components/hs.unfold.js]
[demo2.madrasthemes.com/bookworm-html/redesigned-octo-fiesta/assets/js/components/hs.malihu-scrollbar.js]
[demo2.madrasthemes.com/bookworm-html/redesigned-octo-fiesta/assets/js/components/hs.slick-carousel.js]
[demo2.madrasthemes.com/bookworm-html/redesigned-octo-fiesta/assets/js/components/hs.selectpicker.js]
[demo2.madrasthemes.com/bookworm-html/redesigned-octo-fiesta/assets/js/components/hs.cubeportfolio.js]
[demo2.madrasthemes.com/bookworm-html/redesigned-octo-fiesta/html-demo/others/authors-list.html]
[demo2.madrasthemes.com/bookworm-html/redesigned-octo-fiesta/assets/vendor/font-awesome/css/fontawesome-all.min.css]
[demo2.madrasthemes.com/bookworm-html/redesigned-octo-fiesta/assets/js/components/hs.show-animation.js]
[demo2.madrasthemes.com/bookworm-html/redesigned-octo-fiesta/assets/vendor/flaticon/font/Flaticon.eot]
[demo2.madrasthemes.com/bookworm-html/redesigned-octo-fiesta/assets/vendor/flaticon/font/Flaticond41d.eot]
[demo2.madrasthemes.com/bookworm-html/redesigned-octo-fiesta/assets/vendor/flaticon/font/Flaticon.woff]
[demo2.madrasthemes.com/bookworm-html/redesigned-octo-fiesta/assets/vendor/flaticon/font/Flaticon.ttf]
[demo2.madrasthemes.com/bookworm-html/redesigned-octo-fiesta/assets/vendor/flaticon/font/flaticon.css]
[demo2.madrasthemes.com/bookworm-html/redesigned-octo-fiesta/assets/vendor/animate.css/animate.css]
[demo2.madrasthemes.com/bookworm-html/redesigned-octo-fiesta/assets/vendor/bootstrap-select/dist/css/bootstrap-select.min.css]
[demo2.madrasthemes.com/bookworm-html/redesigned-octo-fiesta/assets/vendor/slick-carousel/slick/slick.css]
[demo2.madrasthemes.com/bookworm-html/redesigned-octo-fiesta/assets/vendor/flaticon/font/Flaticon.svg]
[demo2.madrasthemes.com/bookworm-html/redesigned-octo-fiesta/assets/vendor/malihu-custom-scrollbar-plugin/mCSB_buttons.png]
[demo2.madrasthemes.com/bookworm-html/redesigned-octo-fiesta/assets/vendor/malihu-custom-scrollbar-plugin/jquery.mCustomScrollbar.css]
[demo2.madrasthemes.com/bookworm-html/redesigned-octo-fiesta/assets/vendor/cubeportfolio/img/cbp-sprite.png]
[demo2.madrasthemes.com/bookworm-html/redesigned-octo-fiesta/assets/vendor/cubeportfolio/css/cubeportfolio.min.css]
[demo2.madrasthemes.com/bookworm-html/redesigned-octo-fiesta/assets/css/theme.css]
[demo2.madrasthemes.com/bookworm-html/redesigned-octo-fiesta/assets/vendor/multilevel-sliding-mobile-menu/dist/jquery.zeynep.js]
[demo2.madrasthemes.com/bookworm-html/redesigned-octo-fiesta/html-demo/others/404.html]
[demo2.madrasthemes.com/bookworm-html/redesigned-octo-fiesta/assets/js/components/hs.header.js]
[demo2.madrasthemes.com/bookworm-html/redesigned-octo-fiesta/assets/img/1920x650/img1.jpg]
[demo2.madrasthemes.com/bookworm-html/redesigned-octo-fiesta/assets/img/329x330/img2.png]
[demo2.madrasthemes.com/bookworm-html/redesigned-octo-fiesta/assets/img/329x330/img3.png]
[demo2.madrasthemes.com/bookworm-html/redesigned-octo-fiesta/assets/img/329x330/img4.png]
[demo2.madrasthemes.com/bookworm-html/redesigned-octo-fiesta/assets/img/329x330/img5.png]
[demo2.madrasthemes.com/bookworm-html/redesigned-octo-fiesta/assets/img/150x32/img1.png]
[demo2.madrasthemes.com/bookworm-html/redesigned-octo-fiesta/assets/img/150x32/img2.png]
[demo2.madrasthemes.com/bookworm-html/redesigned-octo-fiesta/assets/img/150x32/img3.png]
[demo2.madrasthemes.com/bookworm-html/redesigned-octo-fiesta/assets/img/150x32/img4.png]
[demo2.madrasthemes.com/bookworm-html/redesigned-octo-fiesta/assets/img/150x32/img6.png]
[demo2.madrasthemes.com/bookworm-html/redesigned-octo-fiesta/assets/img/150x32/img5.png]
[demo2.madrasthemes.com/bookworm-html/redesigned-octo-fiesta/html-demo/others/about.html]
[demo2.madrasthemes.com/bookworm-html/redesigned-octo-fiesta/assets/img/400x759/img1.png]
[demo2.madrasthemes.com/bookworm-html/redesigned-octo-fiesta/html-demo/others/..shop/single-product-v5.html]
[demo2.madrasthemes.com/bookworm-html/redesigned-octo-fiesta/assets/img/120x180/img1.jpg]
[demo2.madrasthemes.com/bookworm-html/redesigned-octo-fiesta/assets/img/120x180/img2.jpg]
[demo2.madrasthemes.com/bookworm-html/redesigned-octo-fiesta/assets/img/120x180/img3.jpg]
[demo2.madrasthemes.com/bookworm-html/redesigned-octo-fiesta/assets/img/120x180/img4.jpg]
[demo2.madrasthemes.com/bookworm-html/redesigned-octo-fiesta/assets/img/150x226/img1.jpg]
[demo2.madrasthemes.com/bookworm-html/redesigned-octo-fiesta/assets/img/150x226/img2.jpg]
[demo2.madrasthemes.com/bookworm-html/redesigned-octo-fiesta/assets/img/150x226/img3.jpg]
[demo2.madrasthemes.com/bookworm-html/redesigned-octo-fiesta/assets/img/150x226/img4.jpg]
[demo2.madrasthemes.com/bookworm-html/redesigned-octo-fiesta/assets/img/150x226/img5.jpg]
[demo2.madrasthemes.com/bookworm-html/redesigned-octo-fiesta/assets/img/150x226/img6.jpg]
[demo2.madrasthemes.com/bookworm-html/redesigned-octo-fiesta/assets/img/150x226/img7.jpg]
[demo2.madrasthemes.com/bookworm-html/redesigned-octo-fiesta/assets/img/150x226/img8.jpg]
[demo2.madrasthemes.com/bookworm-html/redesigned-octo-fiesta/html-demo/others/authors-single.html]
[demo2.madrasthemes.com/bookworm-html/redesigned-octo-fiesta/html-demo/others/coming-soon.html]
[demo2.madrasthemes.com/bookworm-html/redesigned-octo-fiesta/html-demo/others/contact.html]
[demo2.madrasthemes.com/bookworm-html/redesigned-octo-fiesta/html-demo/others/faq.html]
[demo2.madrasthemes.com/bookworm-html/redesigned-octo-fiesta/html-demo/others/pricing-table.html]
[demo2.madrasthemes.com/bookworm-html/redesigned-octo-fiesta/html-demo/others/terms-conditions.html]
[demo2.madrasthemes.com/bookworm-html/redesigned-octo-fiesta/assets/vendor/flaticon/font/Flaticon.html]
[demo2.madrasthemes.com/bookworm-html/redesigned-octo-fiesta/assets/vendor/flaticon/font/Flaticon.svg]
[demo2.madrasthemes.com/bookworm-html/redesigned-octo-fiesta/assets/vendor/cubeportfolio/img/cbp-sprite.html]
[demo2.madrasthemes.com/bookworm-html/redesigned-octo-fiesta/html-demo/others/..shop/single-product-v5.html]
