[demo2.madrasthemes.com/bookworm-html/redesigned-octo-fiesta/html-demo/home/index.html]
[backblue.gif]
[fade.gif]
[index.html]
[demo2.madrasthemes.com/bookworm-html/redesigned-octo-fiesta/assets/img/favicon.png]
[demo2.madrasthemes.com/bookworm-html/redesigned-octo-fiesta/assets/vendor/font-awesome/css/fontawesome-all.min.css]
[demo2.madrasthemes.com/bookworm-html/redesigned-octo-fiesta/assets/vendor/flaticon/font/flaticon.css]
[demo2.madrasthemes.com/bookworm-html/redesigned-octo-fiesta/assets/vendor/animate.css/animate.css]
[demo2.madrasthemes.com/bookworm-html/redesigned-octo-fiesta/assets/vendor/bootstrap-select/dist/css/bootstrap-select.min.css]
[demo2.madrasthemes.com/bookworm-html/redesigned-octo-fiesta/assets/vendor/slick-carousel/slick/slick.css]
[demo2.madrasthemes.com/bookworm-html/redesigned-octo-fiesta/assets/vendor/malihu-custom-scrollbar-plugin/jquery.mCustomScrollbar.css]
[demo2.madrasthemes.com/bookworm-html/redesigned-octo-fiesta/assets/css/theme.css]
[demo2.madrasthemes.com/bookworm-html/redesigned-octo-fiesta/html-demo/home/home-v2.html]
[demo2.madrasthemes.com/bookworm-html/redesigned-octo-fiesta/html-demo/home/home-v3.html]
[demo2.madrasthemes.com/bookworm-html/redesigned-octo-fiesta/html-demo/home/home-v4.html]
[demo2.madrasthemes.com/bookworm-html/redesigned-octo-fiesta/html-demo/home/home-v5.html]
[demo2.madrasthemes.com/bookworm-html/redesigned-octo-fiesta/html-demo/home/home-v6.html]
[demo2.madrasthemes.com/bookworm-html/redesigned-octo-fiesta/html-demo/home/home-v7.html]
[demo2.madrasthemes.com/bookworm-html/redesigned-octo-fiesta/html-demo/home/home-v8.html]
[demo2.madrasthemes.com/bookworm-html/redesigned-octo-fiesta/html-demo/home/home-v9.html]
[demo2.madrasthemes.com/bookworm-html/redesigned-octo-fiesta/html-demo/home/home-v10.html]
[demo2.madrasthemes.com/bookworm-html/redesigned-octo-fiesta/html-demo/home/home-v11.html]
[demo2.madrasthemes.com/bookworm-html/redesigned-octo-fiesta/html-demo/home/home-v12.html]
[demo2.madrasthemes.com/bookworm-html/redesigned-octo-fiesta/html-demo/home/home-v13.html]
[demo2.madrasthemes.com/bookworm-html/redesigned-octo-fiesta/assets/img/280x213/img1.png]
[demo2.madrasthemes.com/bookworm-html/redesigned-octo-fiesta/assets/img/120x180/img6.jpg]
[demo2.madrasthemes.com/bookworm-html/redesigned-octo-fiesta/assets/img/1920x588/img1.jpg]
[demo2.madrasthemes.com/bookworm-html/redesigned-octo-fiesta/assets/img/800x420/img1.png]
[demo2.madrasthemes.com/bookworm-html/redesigned-octo-fiesta/assets/img/150x226/img1.jpg]
[demo2.madrasthemes.com/bookworm-html/redesigned-octo-fiesta/assets/img/150x226/img2.jpg]
[demo2.madrasthemes.com/bookworm-html/redesigned-octo-fiesta/html-demo/home/others/authors-single.html]
[demo2.madrasthemes.com/bookworm-html/redesigned-octo-fiesta/assets/img/150x226/img3.jpg]
[demo2.madrasthemes.com/bookworm-html/redesigned-octo-fiesta/assets/img/150x226/img4.jpg]
[demo2.madrasthemes.com/bookworm-html/redesigned-octo-fiesta/assets/img/150x226/img5.jpg]
[demo2.madrasthemes.com/bookworm-html/redesigned-octo-fiesta/assets/img/150x226/img6.jpg]
[demo2.madrasthemes.com/bookworm-html/redesigned-octo-fiesta/assets/img/150x226/img7.jpg]
[demo2.madrasthemes.com/bookworm-html/redesigned-octo-fiesta/assets/img/120x180/img1.jpg]
[demo2.madrasthemes.com/bookworm-html/redesigned-octo-fiesta/assets/img/120x180/img2.jpg]
[demo2.madrasthemes.com/bookworm-html/redesigned-octo-fiesta/assets/img/120x180/img3.jpg]
[demo2.madrasthemes.com/bookworm-html/redesigned-octo-fiesta/assets/img/120x180/img4.jpg]
[demo2.madrasthemes.com/bookworm-html/redesigned-octo-fiesta/assets/img/120x180/img5.jpg]
[demo2.madrasthemes.com/bookworm-html/redesigned-octo-fiesta/assets/img/120x180/img7.jpg]
[demo2.madrasthemes.com/bookworm-html/redesigned-octo-fiesta/assets/img/120x180/img8.jpg]
[demo2.madrasthemes.com/bookworm-html/redesigned-octo-fiesta/assets/img/120x180/img9.jpg]
[demo2.madrasthemes.com/bookworm-html/redesigned-octo-fiesta/assets/img/120x180/img10.jpg]
[demo2.madrasthemes.com/bookworm-html/redesigned-octo-fiesta/assets/img/200x327/img1.jpg]
[demo2.madrasthemes.com/bookworm-html/redesigned-octo-fiesta/assets/img/200x327/img2.jpg]
[demo2.madrasthemes.com/bookworm-html/redesigned-octo-fiesta/assets/img/200x327/img3.jpg]
[demo2.madrasthemes.com/bookworm-html/redesigned-octo-fiesta/assets/img/200x327/img4.jpg]
[demo2.madrasthemes.com/bookworm-html/redesigned-octo-fiesta/assets/img/200x327/img5.jpg]
[demo2.madrasthemes.com/bookworm-html/redesigned-octo-fiesta/assets/img/200x327/img6.jpg]
[demo2.madrasthemes.com/bookworm-html/redesigned-octo-fiesta/assets/img/350x282/img1.png]
[demo2.madrasthemes.com/bookworm-html/redesigned-octo-fiesta/assets/img/140x140/img1.jpg]
[demo2.madrasthemes.com/bookworm-html/redesigned-octo-fiesta/assets/img/140x140/img2.jpg]
[demo2.madrasthemes.com/bookworm-html/redesigned-octo-fiesta/assets/img/140x140/img3.jpg]
[demo2.madrasthemes.com/bookworm-html/redesigned-octo-fiesta/assets/img/140x140/img4.jpg]
[demo2.madrasthemes.com/bookworm-html/redesigned-octo-fiesta/assets/img/140x140/img5.jpg]
[demo2.madrasthemes.com/bookworm-html/redesigned-octo-fiesta/assets/img/140x140/img6.jpg]
[demo2.madrasthemes.com/bookworm-html/redesigned-octo-fiesta/assets/img/140x140/img7.jpg]
[demo2.madrasthemes.com/bookworm-html/redesigned-octo-fiesta/assets/img/140x140/img8.jpg]
[demo2.madrasthemes.com/bookworm-html/redesigned-octo-fiesta/assets/img/324x38/img1.png]
[demo2.madrasthemes.com/bookworm-html/redesigned-octo-fiesta/assets/vendor/jquery/dist/jquery.min.js]
[demo2.madrasthemes.com/bookworm-html/redesigned-octo-fiesta/assets/vendor/jquery-migrate/dist/jquery-migrate.min.js]
[demo2.madrasthemes.com/bookworm-html/redesigned-octo-fiesta/assets/vendor/popper.js/dist/umd/popper.min.js]
[demo2.madrasthemes.com/bookworm-html/redesigned-octo-fiesta/assets/vendor/bootstrap/bootstrap.min.js]
[demo2.madrasthemes.com/bookworm-html/redesigned-octo-fiesta/assets/vendor/bootstrap-select/dist/js/bootstrap-select.min.js]
[demo2.madrasthemes.com/bookworm-html/redesigned-octo-fiesta/assets/vendor/slick-carousel/slick/slick.min.js]
[demo2.madrasthemes.com/bookworm-html/redesigned-octo-fiesta/assets/vendor/multilevel-sliding-mobile-menu/dist/jquery.zeynep.js]
[demo2.madrasthemes.com/bookworm-html/redesigned-octo-fiesta/assets/vendor/malihu-custom-scrollbar-plugin/jquery.mCustomScrollbar.concat.min.js]
[demo2.madrasthemes.com/bookworm-html/redesigned-octo-fiesta/assets/js/hs.core.js]
[demo2.madrasthemes.com/bookworm-html/redesigned-octo-fiesta/assets/js/components/hs.unfold.js]
[demo2.madrasthemes.com/bookworm-html/redesigned-octo-fiesta/assets/js/components/hs.malihu-scrollbar.js]
[demo2.madrasthemes.com/bookworm-html/redesigned-octo-fiesta/assets/js/components/hs.header.js]
[demo2.madrasthemes.com/bookworm-html/redesigned-octo-fiesta/assets/js/components/hs.slick-carousel.js]
[demo2.madrasthemes.com/bookworm-html/redesigned-octo-fiesta/assets/js/components/hs.selectpicker.js]
[demo2.madrasthemes.com/bookworm-html/redesigned-octo-fiesta/html-demo/home/index.html]
[demo2.madrasthemes.com/bookworm-html/redesigned-octo-fiesta/assets/vendor/font-awesome/css/fontawesome-all.min.css]
[demo2.madrasthemes.com/bookworm-html/redesigned-octo-fiesta/assets/js/components/hs.show-animation.js]
[demo2.madrasthemes.com/bookworm-html/redesigned-octo-fiesta/assets/vendor/flaticon/font/Flaticon.eot]
[demo2.madrasthemes.com/bookworm-html/redesigned-octo-fiesta/assets/vendor/flaticon/font/Flaticond41d.eot]
[demo2.madrasthemes.com/bookworm-html/redesigned-octo-fiesta/assets/vendor/flaticon/font/Flaticon.woff]
[demo2.madrasthemes.com/bookworm-html/redesigned-octo-fiesta/assets/vendor/flaticon/font/Flaticon.ttf]
[demo2.madrasthemes.com/bookworm-html/redesigned-octo-fiesta/assets/vendor/flaticon/font/flaticon.css]
[demo2.madrasthemes.com/bookworm-html/redesigned-octo-fiesta/assets/vendor/animate.css/animate.css]
[demo2.madrasthemes.com/bookworm-html/redesigned-octo-fiesta/assets/vendor/bootstrap-select/dist/css/bootstrap-select.min.css]
[demo2.madrasthemes.com/bookworm-html/redesigned-octo-fiesta/assets/vendor/slick-carousel/slick/slick.css]
[demo2.madrasthemes.com/bookworm-html/redesigned-octo-fiesta/assets/vendor/flaticon/font/Flaticon.svg]
[demo2.madrasthemes.com/bookworm-html/redesigned-octo-fiesta/assets/vendor/malihu-custom-scrollbar-plugin/mCSB_buttons.png]
[demo2.madrasthemes.com/bookworm-html/redesigned-octo-fiesta/assets/vendor/malihu-custom-scrollbar-plugin/jquery.mCustomScrollbar.css]
[demo2.madrasthemes.com/bookworm-html/redesigned-octo-fiesta/assets/css/theme.css]
[demo2.madrasthemes.com/bookworm-html/redesigned-octo-fiesta/assets/img/500x380/img1.png]
[demo2.madrasthemes.com/bookworm-html/redesigned-octo-fiesta/assets/img/285x240/img1.png]
[demo2.madrasthemes.com/bookworm-html/redesigned-octo-fiesta/assets/img/250x225/img1.png]
[demo2.madrasthemes.com/bookworm-html/redesigned-octo-fiesta/assets/img/300x440/img2.jpg]
[demo2.madrasthemes.com/bookworm-html/redesigned-octo-fiesta/assets/img/300x440/img1.jpg]
[demo2.madrasthemes.com/bookworm-html/redesigned-octo-fiesta/assets/img/450x235/img1.png]
[demo2.madrasthemes.com/bookworm-html/redesigned-octo-fiesta/html-demo/home/assets/img/120x180/img7.jpg]
[demo2.madrasthemes.com/bookworm-html/redesigned-octo-fiesta/assets/img/445x300/img1.jpg]
[demo2.madrasthemes.com/bookworm-html/redesigned-octo-fiesta/assets/img/445x300/img2.jpg]
[demo2.madrasthemes.com/bookworm-html/redesigned-octo-fiesta/assets/img/445x300/img3.jpg]
[demo2.madrasthemes.com/bookworm-html/redesigned-octo-fiesta/html-demo/home/home-v2.html]
[demo2.madrasthemes.com/bookworm-html/redesigned-octo-fiesta/assets/img/350x404/img1.png]
[demo2.madrasthemes.com/bookworm-html/redesigned-octo-fiesta/assets/img/150x226/img8.jpg]
[demo2.madrasthemes.com/bookworm-html/redesigned-octo-fiesta/assets/img/300x452/img1.jpg]
[demo2.madrasthemes.com/bookworm-html/redesigned-octo-fiesta/assets/img/300x452/img2.jpg]
[demo2.madrasthemes.com/bookworm-html/redesigned-octo-fiesta/assets/img/300x452/img3.jpg]
[demo2.madrasthemes.com/bookworm-html/redesigned-octo-fiesta/html-demo/home/home-v3.html]
[demo2.madrasthemes.com/bookworm-html/redesigned-octo-fiesta/assets/img/900x506/img1.jpg]
[demo2.madrasthemes.com/bookworm-html/redesigned-octo-fiesta/assets/img/250x293/img1.png]
[demo2.madrasthemes.com/bookworm-html/redesigned-octo-fiesta/assets/img/190x222/img1.jpg]
[demo2.madrasthemes.com/bookworm-html/redesigned-octo-fiesta/assets/img/1076x761/img1.jpg]
[demo2.madrasthemes.com/bookworm-html/redesigned-octo-fiesta/assets/img/280x147/img1.png]
[demo2.madrasthemes.com/bookworm-html/redesigned-octo-fiesta/assets/img/150x169/img1.png]
[demo2.madrasthemes.com/bookworm-html/redesigned-octo-fiesta/assets/img/200x162/img1.png]
[demo2.madrasthemes.com/bookworm-html/redesigned-octo-fiesta/assets/img/254x400/img1.jpg]
[demo2.madrasthemes.com/bookworm-html/redesigned-octo-fiesta/assets/img/250x217/img1.png]
[demo2.madrasthemes.com/bookworm-html/redesigned-octo-fiesta/assets/img/70x107/img1.jpg]
[demo2.madrasthemes.com/bookworm-html/redesigned-octo-fiesta/assets/img/70x107/img2.jpg]
[demo2.madrasthemes.com/bookworm-html/redesigned-octo-fiesta/assets/img/70x107/img3.jpg]
[demo2.madrasthemes.com/bookworm-html/redesigned-octo-fiesta/assets/img/70x107/img4.jpg]
[demo2.madrasthemes.com/bookworm-html/redesigned-octo-fiesta/assets/img/70x107/img5.jpg]
[demo2.madrasthemes.com/bookworm-html/redesigned-octo-fiesta/assets/img/70x107/img6.jpg]
[demo2.madrasthemes.com/bookworm-html/redesigned-octo-fiesta/html-demo/home/home-v4.html]
[demo2.madrasthemes.com/bookworm-html/redesigned-octo-fiesta/assets/img/1920x600/img1.jpg]
[demo2.madrasthemes.com/bookworm-html/redesigned-octo-fiesta/assets/img/60x90/img1.jpg]
[demo2.madrasthemes.com/bookworm-html/redesigned-octo-fiesta/assets/img/60x90/img2.jpg]
[demo2.madrasthemes.com/bookworm-html/redesigned-octo-fiesta/assets/img/60x90/img3.jpg]
[demo2.madrasthemes.com/bookworm-html/redesigned-octo-fiesta/assets/img/60x90/img4.jpg]
[demo2.madrasthemes.com/bookworm-html/redesigned-octo-fiesta/assets/img/60x90/img5.jpg]
[demo2.madrasthemes.com/bookworm-html/redesigned-octo-fiesta/assets/img/80x80/img4.jpg]
[demo2.madrasthemes.com/bookworm-html/redesigned-octo-fiesta/assets/img/80x80/img5.jpg]
[demo2.madrasthemes.com/bookworm-html/redesigned-octo-fiesta/assets/img/80x80/img6.jpg]
[demo2.madrasthemes.com/bookworm-html/redesigned-octo-fiesta/assets/img/80x80/img7.jpg]
[demo2.madrasthemes.com/bookworm-html/redesigned-octo-fiesta/assets/img/80x80/img8.jpg]
[demo2.madrasthemes.com/bookworm-html/redesigned-octo-fiesta/assets/img/150x226/img9.jpg]
[demo2.madrasthemes.com/bookworm-html/redesigned-octo-fiesta/assets/img/150x226/img10.jpg]
[demo2.madrasthemes.com/bookworm-html/redesigned-octo-fiesta/html-demo/home/home-v5.html]
[demo2.madrasthemes.com/bookworm-html/redesigned-octo-fiesta/assets/img/500x423/img1.png]
[demo2.madrasthemes.com/bookworm-html/redesigned-octo-fiesta/assets/img/264x200/img1.png]
[demo2.madrasthemes.com/bookworm-html/redesigned-octo-fiesta/assets/img/140x140/img11.jpg]
[demo2.madrasthemes.com/bookworm-html/redesigned-octo-fiesta/assets/img/140x140/img10.jpg]
[demo2.madrasthemes.com/bookworm-html/redesigned-octo-fiesta/assets/img/140x140/img13.jpg]
[demo2.madrasthemes.com/bookworm-html/redesigned-octo-fiesta/assets/img/140x140/img9.jpg]
[demo2.madrasthemes.com/bookworm-html/redesigned-octo-fiesta/assets/img/110x110/img1.jpg]
[demo2.madrasthemes.com/bookworm-html/redesigned-octo-fiesta/assets/img/110x110/img2.jpg]
[demo2.madrasthemes.com/bookworm-html/redesigned-octo-fiesta/assets/img/110x110/img3.jpg]
[demo2.madrasthemes.com/bookworm-html/redesigned-octo-fiesta/assets/img/110x110/img4.jpg]
[demo2.madrasthemes.com/bookworm-html/redesigned-octo-fiesta/assets/img/110x110/img5.jpg]
[demo2.madrasthemes.com/bookworm-html/redesigned-octo-fiesta/html-demo/home/home-v6.html]
[demo2.madrasthemes.com/bookworm-html/redesigned-octo-fiesta/assets/img/400x360/img2.png]
[demo2.madrasthemes.com/bookworm-html/redesigned-octo-fiesta/assets/img/356x274/img2.png]
[demo2.madrasthemes.com/bookworm-html/redesigned-octo-fiesta/assets/img/639x300/img1.jpg]
[demo2.madrasthemes.com/bookworm-html/redesigned-octo-fiesta/assets/img/350x300/img1.jpg]
[demo2.madrasthemes.com/bookworm-html/redesigned-octo-fiesta/assets/img/400x759/img1.png]
[demo2.madrasthemes.com/bookworm-html/redesigned-octo-fiesta/assets/img/90x138/img1.jpg]
[demo2.madrasthemes.com/bookworm-html/redesigned-octo-fiesta/assets/img/90x138/img2.jpg]
[demo2.madrasthemes.com/bookworm-html/redesigned-octo-fiesta/assets/img/90x138/img3.jpg]
[demo2.madrasthemes.com/bookworm-html/redesigned-octo-fiesta/assets/img/90x138/img4.jpg]
[demo2.madrasthemes.com/bookworm-html/redesigned-octo-fiesta/assets/img/90x138/img5.jpg]
[demo2.madrasthemes.com/bookworm-html/redesigned-octo-fiesta/assets/img/90x138/img6.jpg]
[demo2.madrasthemes.com/bookworm-html/redesigned-octo-fiesta/assets/img/150x32/img1.png]
[demo2.madrasthemes.com/bookworm-html/redesigned-octo-fiesta/assets/img/150x32/img2.png]
[demo2.madrasthemes.com/bookworm-html/redesigned-octo-fiesta/assets/img/150x32/img3.png]
[demo2.madrasthemes.com/bookworm-html/redesigned-octo-fiesta/assets/img/150x32/img4.png]
[demo2.madrasthemes.com/bookworm-html/redesigned-octo-fiesta/assets/img/150x32/img6.png]
[demo2.madrasthemes.com/bookworm-html/redesigned-octo-fiesta/assets/img/150x32/img5.png]
[demo2.madrasthemes.com/bookworm-html/redesigned-octo-fiesta/html-demo/home/home-v7.html]
[demo2.madrasthemes.com/bookworm-html/redesigned-octo-fiesta/assets/img/260x220/img1.png]
[demo2.madrasthemes.com/bookworm-html/redesigned-octo-fiesta/assets/img/500x289/img1.png]
[demo2.madrasthemes.com/bookworm-html/redesigned-octo-fiesta/assets/img/500x185/img1.png]
[demo2.madrasthemes.com/bookworm-html/redesigned-octo-fiesta/assets/img/230x185/img1.png]
[demo2.madrasthemes.com/bookworm-html/redesigned-octo-fiesta/html-demo/home/home-v8.html]
[demo2.madrasthemes.com/bookworm-html/redesigned-octo-fiesta/assets/vendor/hs-megamenu/src/hs.megamenu.css]
[demo2.madrasthemes.com/bookworm-html/redesigned-octo-fiesta/assets/img/1400x530/img1.jpg]
[demo2.madrasthemes.com/bookworm-html/redesigned-octo-fiesta/assets/img/162x137/img1.png]
[demo2.madrasthemes.com/bookworm-html/redesigned-octo-fiesta/assets/img/170x129/img1.png]
[demo2.madrasthemes.com/bookworm-html/redesigned-octo-fiesta/assets/img/130x152/img1.png]
[demo2.madrasthemes.com/bookworm-html/redesigned-octo-fiesta/assets/img/150x151/img1.png]
[demo2.madrasthemes.com/bookworm-html/redesigned-octo-fiesta/assets/vendor/slick-carousel/slick/slick.js]
[demo2.madrasthemes.com/bookworm-html/redesigned-octo-fiesta/html-demo/home/home-v9.html]
[demo2.madrasthemes.com/bookworm-html/redesigned-octo-fiesta/assets/vendor/hs-megamenu/src/hs.megamenu.js]
[demo2.madrasthemes.com/bookworm-html/redesigned-octo-fiesta/assets/img/1800x500/img1.jpg]
[demo2.madrasthemes.com/bookworm-html/redesigned-octo-fiesta/assets/img/264x223/img1.png]
[demo2.madrasthemes.com/bookworm-html/redesigned-octo-fiesta/assets/img/250x223/img1.png]
[demo2.madrasthemes.com/bookworm-html/redesigned-octo-fiesta/html-demo/home/home-v10.html]
[demo2.madrasthemes.com/bookworm-html/redesigned-octo-fiesta/html-demo/home/..others/authors-single.html]
[demo2.madrasthemes.com/bookworm-html/redesigned-octo-fiesta/html-demo/home/home-v11.html]
[demo2.madrasthemes.com/bookworm-html/redesigned-octo-fiesta/assets/img/685x500/img1.jpg]
[demo2.madrasthemes.com/bookworm-html/redesigned-octo-fiesta/assets/img/330x235/img1.jpg]
[demo2.madrasthemes.com/bookworm-html/redesigned-octo-fiesta/assets/img/330x235/img3.jpg]
[demo2.madrasthemes.com/bookworm-html/redesigned-octo-fiesta/assets/img/330x235/img2.jpg]
[demo2.madrasthemes.com/bookworm-html/redesigned-octo-fiesta/assets/img/294x249/img1.png]
[demo2.madrasthemes.com/bookworm-html/redesigned-octo-fiesta/assets/img/294x249/img2.png]
[demo2.madrasthemes.com/bookworm-html/redesigned-octo-fiesta/html-demo/home/home-v12.html]
[demo2.madrasthemes.com/bookworm-html/redesigned-octo-fiesta/assets/img/350x312/img1.png]
[demo2.madrasthemes.com/bookworm-html/redesigned-octo-fiesta/assets/img/442x234/img1.png]
[demo2.madrasthemes.com/bookworm-html/redesigned-octo-fiesta/assets/img/400x296/img1.png]
[demo2.madrasthemes.com/bookworm-html/redesigned-octo-fiesta/html-demo/home/home-v13.html]
[demo2.madrasthemes.com/bookworm-html/redesigned-octo-fiesta/html-demo/home/others/authors-single.html]
[demo2.madrasthemes.com/bookworm-html/redesigned-octo-fiesta/assets/vendor/flaticon/font/Flaticon.html]
[demo2.madrasthemes.com/bookworm-html/redesigned-octo-fiesta/assets/vendor/flaticon/font/Flaticon.svg]
[demo2.madrasthemes.com/bookworm-html/redesigned-octo-fiesta/html-demo/home/assets/img/120x180/img7.html]
[demo2.madrasthemes.com/bookworm-html/redesigned-octo-fiesta/assets/vendor/hs-megamenu/src/hs.megamenu.css]
[demo2.madrasthemes.com/bookworm-html/redesigned-octo-fiesta/html-demo/home/..others/authors-single.html]
