[demo2.madrasthemes.com/bookworm-html/redesigned-octo-fiesta/html-demo/blog/blog-v2.html]
[backblue.gif]
[fade.gif]
[index.html]
[demo2.madrasthemes.com/bookworm-html/redesigned-octo-fiesta/assets/img/favicon.png]
[demo2.madrasthemes.com/bookworm-html/redesigned-octo-fiesta/assets/vendor/font-awesome/css/fontawesome-all.min.css]
[demo2.madrasthemes.com/bookworm-html/redesigned-octo-fiesta/assets/vendor/flaticon/font/flaticon.css]
[demo2.madrasthemes.com/bookworm-html/redesigned-octo-fiesta/assets/vendor/animate.css/animate.css]
[demo2.madrasthemes.com/bookworm-html/redesigned-octo-fiesta/assets/vendor/bootstrap-select/dist/css/bootstrap-select.min.css]
[demo2.madrasthemes.com/bookworm-html/redesigned-octo-fiesta/assets/vendor/slick-carousel/slick/slick.css]
[demo2.madrasthemes.com/bookworm-html/redesigned-octo-fiesta/assets/vendor/malihu-custom-scrollbar-plugin/jquery.mCustomScrollbar.css]
[demo2.madrasthemes.com/bookworm-html/redesigned-octo-fiesta/assets/css/theme.css]
[demo2.madrasthemes.com/bookworm-html/redesigned-octo-fiesta/html-demo/blog/blog-v1.html]
[demo2.madrasthemes.com/bookworm-html/redesigned-octo-fiesta/html-demo/blog/blog-v3.html]
[demo2.madrasthemes.com/bookworm-html/redesigned-octo-fiesta/html-demo/blog/blog-single.html]
[demo2.madrasthemes.com/bookworm-html/redesigned-octo-fiesta/assets/img/280x213/img1.png]
[demo2.madrasthemes.com/bookworm-html/redesigned-octo-fiesta/assets/img/120x180/img6.jpg]
[demo2.madrasthemes.com/bookworm-html/redesigned-octo-fiesta/assets/img/445x300/img1.jpg]
[demo2.madrasthemes.com/bookworm-html/redesigned-octo-fiesta/assets/img/445x300/img2.jpg]
[demo2.madrasthemes.com/bookworm-html/redesigned-octo-fiesta/assets/img/445x300/img3.jpg]
[demo2.madrasthemes.com/bookworm-html/redesigned-octo-fiesta/assets/img/445x300/img4.jpg]
[demo2.madrasthemes.com/bookworm-html/redesigned-octo-fiesta/assets/img/445x300/img5.jpg]
[demo2.madrasthemes.com/bookworm-html/redesigned-octo-fiesta/assets/img/445x300/img6.jpg]
[demo2.madrasthemes.com/bookworm-html/redesigned-octo-fiesta/assets/img/324x38/img1.png]
[demo2.madrasthemes.com/bookworm-html/redesigned-octo-fiesta/assets/vendor/jquery/dist/jquery.min.js]
[demo2.madrasthemes.com/bookworm-html/redesigned-octo-fiesta/assets/vendor/jquery-migrate/dist/jquery-migrate.min.js]
[demo2.madrasthemes.com/bookworm-html/redesigned-octo-fiesta/assets/vendor/popper.js/dist/umd/popper.min.js]
[demo2.madrasthemes.com/bookworm-html/redesigned-octo-fiesta/assets/vendor/bootstrap/bootstrap.min.js]
[demo2.madrasthemes.com/bookworm-html/redesigned-octo-fiesta/assets/vendor/bootstrap-select/dist/js/bootstrap-select.min.js]
[demo2.madrasthemes.com/bookworm-html/redesigned-octo-fiesta/assets/vendor/slick-carousel/slick/slick.min.js]
[demo2.madrasthemes.com/bookworm-html/redesigned-octo-fiesta/assets/vendor/multilevel-sliding-mobile-menu/dist/jquery.zeynep.js]
[demo2.madrasthemes.com/bookworm-html/redesigned-octo-fiesta/assets/vendor/malihu-custom-scrollbar-plugin/jquery.mCustomScrollbar.concat.min.js]
[demo2.madrasthemes.com/bookworm-html/redesigned-octo-fiesta/assets/js/hs.core.js]
[demo2.madrasthemes.com/bookworm-html/redesigned-octo-fiesta/assets/js/components/hs.unfold.js]
[demo2.madrasthemes.com/bookworm-html/redesigned-octo-fiesta/assets/js/components/hs.malihu-scrollbar.js]
[demo2.madrasthemes.com/bookworm-html/redesigned-octo-fiesta/assets/js/components/hs.header.js]
[demo2.madrasthemes.com/bookworm-html/redesigned-octo-fiesta/assets/js/components/hs.slick-carousel.js]
[demo2.madrasthemes.com/bookworm-html/redesigned-octo-fiesta/assets/js/components/hs.selectpicker.js]
[demo2.madrasthemes.com/bookworm-html/redesigned-octo-fiesta/html-demo/blog/blog-v2.html]
[demo2.madrasthemes.com/bookworm-html/redesigned-octo-fiesta/assets/vendor/font-awesome/css/fontawesome-all.min.css]
[demo2.madrasthemes.com/bookworm-html/redesigned-octo-fiesta/assets/js/components/hs.show-animation.js]
[demo2.madrasthemes.com/bookworm-html/redesigned-octo-fiesta/assets/vendor/flaticon/font/Flaticon.eot]
[demo2.madrasthemes.com/bookworm-html/redesigned-octo-fiesta/assets/vendor/flaticon/font/Flaticond41d.eot]
[demo2.madrasthemes.com/bookworm-html/redesigned-octo-fiesta/assets/vendor/flaticon/font/Flaticon.woff]
[demo2.madrasthemes.com/bookworm-html/redesigned-octo-fiesta/assets/vendor/flaticon/font/Flaticon.ttf]
[demo2.madrasthemes.com/bookworm-html/redesigned-octo-fiesta/assets/vendor/flaticon/font/flaticon.css]
[demo2.madrasthemes.com/bookworm-html/redesigned-octo-fiesta/assets/vendor/animate.css/animate.css]
[demo2.madrasthemes.com/bookworm-html/redesigned-octo-fiesta/assets/vendor/bootstrap-select/dist/css/bootstrap-select.min.css]
[demo2.madrasthemes.com/bookworm-html/redesigned-octo-fiesta/assets/vendor/slick-carousel/slick/slick.css]
[demo2.madrasthemes.com/bookworm-html/redesigned-octo-fiesta/assets/vendor/flaticon/font/Flaticon.svg]
[demo2.madrasthemes.com/bookworm-html/redesigned-octo-fiesta/assets/vendor/malihu-custom-scrollbar-plugin/mCSB_buttons.png]
[demo2.madrasthemes.com/bookworm-html/redesigned-octo-fiesta/assets/vendor/malihu-custom-scrollbar-plugin/jquery.mCustomScrollbar.css]
[demo2.madrasthemes.com/bookworm-html/redesigned-octo-fiesta/assets/css/theme.css]
[demo2.madrasthemes.com/bookworm-html/redesigned-octo-fiesta/assets/img/80x80/img1.jpg]
[demo2.madrasthemes.com/bookworm-html/redesigned-octo-fiesta/assets/img/80x80/img2.jpg]
[demo2.madrasthemes.com/bookworm-html/redesigned-octo-fiesta/assets/img/80x80/img3.jpg]
[demo2.madrasthemes.com/bookworm-html/redesigned-octo-fiesta/assets/img/520x350/img1.jpg]
[demo2.madrasthemes.com/bookworm-html/redesigned-octo-fiesta/assets/img/520x350/img2.jpg]
[demo2.madrasthemes.com/bookworm-html/redesigned-octo-fiesta/assets/img/520x350/img3.jpg]
[demo2.madrasthemes.com/bookworm-html/redesigned-octo-fiesta/assets/img/520x350/img4.jpg]
[demo2.madrasthemes.com/bookworm-html/redesigned-octo-fiesta/assets/img/520x350/img5.jpg]
[demo2.madrasthemes.com/bookworm-html/redesigned-octo-fiesta/assets/img/520x350/img6.jpg]
[demo2.madrasthemes.com/bookworm-html/redesigned-octo-fiesta/html-demo/blog/blog-v1.html]
[demo2.madrasthemes.com/bookworm-html/redesigned-octo-fiesta/assets/img/460x350/img1.jpg]
[demo2.madrasthemes.com/bookworm-html/redesigned-octo-fiesta/assets/img/460x350/img2.jpg]
[demo2.madrasthemes.com/bookworm-html/redesigned-octo-fiesta/assets/img/460x350/img3.jpg]
[demo2.madrasthemes.com/bookworm-html/redesigned-octo-fiesta/assets/img/460x350/img4.jpg]
[demo2.madrasthemes.com/bookworm-html/redesigned-octo-fiesta/html-demo/blog/blog-v3.html]
[demo2.madrasthemes.com/bookworm-html/redesigned-octo-fiesta/assets/img/1400x650/img1.jpg]
[demo2.madrasthemes.com/bookworm-html/redesigned-octo-fiesta/assets/img/393x350/img1.jpg]
[demo2.madrasthemes.com/bookworm-html/redesigned-octo-fiesta/assets/img/553x350/img1.jpg]
[demo2.madrasthemes.com/bookworm-html/redesigned-octo-fiesta/assets/img/393x350/img2.jpg]
[demo2.madrasthemes.com/bookworm-html/redesigned-octo-fiesta/assets/img/120x120/img1.jpg]
[demo2.madrasthemes.com/bookworm-html/redesigned-octo-fiesta/assets/img/360x250/img1.jpg]
[demo2.madrasthemes.com/bookworm-html/redesigned-octo-fiesta/assets/img/360x250/img2.jpg]
[demo2.madrasthemes.com/bookworm-html/redesigned-octo-fiesta/html-demo/blog/blog-single.html]
[demo2.madrasthemes.com/bookworm-html/redesigned-octo-fiesta/assets/vendor/flaticon/font/Flaticon.html]
[demo2.madrasthemes.com/bookworm-html/redesigned-octo-fiesta/assets/vendor/flaticon/font/Flaticon.svg]
